../Core/Src/main.c:116:5:main	8	static
../Core/Src/main.c:210:6:SystemClock_Config	88	static
../Core/Src/main.c:265:13:MX_USART2_UART_Init	8	static
../Core/Src/main.c:298:13:MX_GPIO_Init	48	static
../Core/Src/main.c:344:6:StartTask1	16	static
../Core/Src/main.c:373:6:StartTask2	16	static
../Core/Src/main.c:403:6:StartTask3	16	static
../Core/Src/main.c:431:6:StartTask4	16	static
../Core/Src/main.c:458:6:StartTask5	16	static
../Core/Src/main.c:486:6:StartTask6	16	static
../Core/Src/main.c:504:6:Error_Handler	4	static,ignoring_inline_asm
